2025-06-22 10:36:38-root-DEBUG-This is a debug message
2025-06-22 10:36:38-root-INFO-This is an info message
2025-06-22 10:36:38-root-WARNING-This is a warning message
2025-06-22 10:36:38-root-ERROR-This is an error message
2025-06-22 10:36:38-root-CRITICAL-This is a critical message
2025-06-22 10:36:41-root-DEBUG-This is a debug message
2025-06-22 10:36:41-root-INFO-This is an info message
2025-06-22 10:36:41-root-WARNING-This is a warning message
2025-06-22 10:36:41-root-ERROR-This is an error message
2025-06-22 10:36:41-root-CRITICAL-This is a critical message
2025-06-22 10:36:48-root-DEBUG-This is a debug message
2025-06-22 10:36:48-root-INFO-This is an info message
2025-06-22 10:36:48-root-WARNING-This is a warning message
2025-06-22 10:36:48-root-ERROR-This is an error message
2025-06-22 10:36:48-root-CRITICAL-This is a critical message
2025-06-22 10:53:19-root-DEBUG-This is a debug message
2025-06-22 10:53:19-root-INFO-This is an info message
2025-06-22 10:53:19-root-WARNING-This is a warning message
2025-06-22 10:53:19-root-ERROR-This is an error message
2025-06-22 10:53:19-root-CRITICAL-This is a critical message
